// Jest Snapshot v1, https://goo.gl/fbAQLP

exports[`Takes website's snapshot 1`] = `
<DocumentFragment>
  <div
    class="App"
  >
    <div
      class="heading"
    >
      's Tracking App
    </div>
    <div
      class="measurements"
    />
    <nav>
      <div
        class="bottom-buttons"
      >
        <a
          class="button-wrapper"
          href="/add"
        >
          <i
            class="far fa-plus-square"
          />
          <p>
            Add measure
          </p>
        </a>
        <a
          class="button-wrapper"
          href="/tracker"
        >
          <i
            class="fas fa-chart-line"
          />
          <p>
            Tracker
          </p>
        </a>
        <a
          class="button-wrapper"
          href="/progress/1"
        >
          <i
            class="fas fa-chart-pie"
          />
          <p>
            Progress
          </p>
        </a>
        <div
          class="button-wrapper"
        >
          <i
            class="fas fa-sign-out-alt"
          />
          <p>
            Logout
          </p>
        </div>
      </div>
    </nav>
  </div>
</DocumentFragment>
`;
